============================================================================================
  PTECO UNFIXED — icore0 mclk_meu paths (all directions)
  Database: FCT26WW13A  |  Source: core_client_260322_ww12
============================================================================================

  ClockDomain                 Count   HoldWNS         TNS
  --------------------------  -----  --------  ----------
  mclk_exe→mclk_meu              26     -51.1      -642.8
  mclk_meu→mclk_pmh               6      -6.1       -14.8
  mclk_pmh→mclk_meu             128     -12.5      -346.4
  mclk_meu→mclk_exe               1     -18.9       -18.9
  mclk_ooo_int→mclk_meu           6      -6.8       -19.1

     #      Hold     Setup  Margin  ClkDomain               StartPoint                                               EndPoint
  ----  --------  --------  ------  ----------------------  -------------------------------------------------------  -------
  93   -51.113    47.125  -0.000  mclk_exe  →mclk_meu    par_exe/rs_vec_wrap/rsvecbpd/SpecIsValid512ForLDBundleCancelM801H*/CP  par_meu/rsbpd/VecLdPortWriteMuxCtlM802H*/D4
  96   -46.696    59.108  -0.000  mclk_exe  →mclk_meu    par_exe/rs_vec_wrap/rsvecbpd/SpecPDstForLDBundleCancelM801H*/CP  par_meu/rsbpd/VecLdPortWriteMuxCtlM802H*/D3
 100   -38.545     8.862  -0.000  mclk_exe  →mclk_meu    par_exe/rs_vec_wrap/rsvecbpd/SpecIsValid512ForLDBundleCancelM801H*/CP  par_meu/rsbpd/VecLdPortWriteMuxCtlM802H*/D2
 102   -36.275     6.536  -0.000  mclk_exe  →mclk_meu    par_exe/rs_vec_wrap/rsvecbpd/SpecIsValid512ForLDBundleCancelM801H*/CP  par_meu/rsbpd/VecLdPortWriteMuxCtlM802H*/D8
 104   -35.030    12.203  -0.000  mclk_exe  →mclk_meu    par_exe/rs_vec_wrap/rsvecbpd/SpecIsValid512ForLDBundleCancelM801H*/CP  par_meu/rsbpd/VecLdPortWriteMuxCtlM802H*/D1
 107   -34.405     9.261  -0.000  mclk_exe  →mclk_meu    par_exe/rs_vec_wrap/rsvecbpd/SpecIsValid512ForLDBundleCancelM801H*/CP  par_meu/rsbpd/VecLdPortWriteMuxCtlM802H*/D5
 110   -30.002     6.536  -0.000  mclk_exe  →mclk_meu    par_exe/rs_vec_wrap/rsvecbpd/SpecIsValid512ForLDBundleCancelM801H*/CP  par_meu/rsbpd/RSVecLdPRFWrCancelM802H*/D1
 111   -29.500    21.666  -0.000  mclk_exe  →mclk_meu    par_exe/rs_vec_wrap/rsvecbpd/SpecPDstForLDBundleCancelM801H*/CP  par_meu/rsbpd/RSVecLdPRFWrCancelM802H*/D2
 114   -29.088     8.497  -0.000  mclk_exe  →mclk_meu    par_exe/rs_vec_wrap/rsvecbpd/SpecIsValid512ForLDBundleCancelM801H*/CP  par_meu/rsbpd/VecLdPortWriteMuxCtlM802H*/D6
 116   -28.193     9.067  -0.000  mclk_exe  →mclk_meu    par_exe/rs_vec_wrap/rsvecbpd/SpecIsValid512ForLDBundleCancelM801H*/CP  par_meu/rsbpd/RSVecLdPRFWrCancelM802H*/D4
 118   -27.718    11.289  -0.000  mclk_exe  →mclk_meu    par_exe/rs_vec_wrap/rsvecbpd/PtPwrUpM303H*/CP            par_meu/rsbpd/RSVecUopDepOnLoadM303H*/D2
 120   -27.354    11.213  -0.000  mclk_exe  →mclk_meu    par_exe/rs_vec_wrap/rsvecbpd/PtPwrUpM303H*/CP            par_meu/rsbpd/RSVecUopDepOnLoadM303H*/D6
 121   -26.712     9.067  -0.000  mclk_exe  →mclk_meu    par_exe/rs_vec_wrap/rsvecbpd/SpecIsValid512ForLDBundleCancelM801H*/CP  par_meu/rsbpd/VecLdPortWriteMuxCtlM802H*/D7
 126   -25.980     9.261  -0.000  mclk_exe  →mclk_meu    par_exe/rs_vec_wrap/rsvecbpd/SpecIsValid512ForLDBundleCancelM801H*/CP  par_meu/rsbpd/RSVecLdPRFWrCancelM802H*/D3
 133   -25.402     9.234  -0.000  mclk_exe  →mclk_meu    par_exe/rs_vec_wrap/rsvecbpd/PtPwrUpM302H*/CP            par_meu/rsbpd/RSVecUopDepOnLoadM303H*/D8
 150   -21.684     7.606  -0.000  mclk_exe  →mclk_meu    par_exe/rs_vec_wrap/rsvecbpd/BypEnL0TmpM302H*/CP         par_meu/rsbpd/RSVecUopDepOnLoadM303H*/D6
 153   -20.055    11.049  -0.000  mclk_exe  →mclk_meu    par_exe/rs_vec_wrap/rsvecbpd/PtPwrUpM303H*/CP            par_meu/rsbpd/RSVecUopDepOnLoadM303H*/D1
 163   -18.898    64.751   8.490  mclk_meu  →mclk_exe    par_meu/exe_int/micrctls/micregs/miEXECTCAddressMnn1H*/CP  par_exe/exe_vec/sicrypt/sigfcryptp4v0/miEXECTCAddressMnn1H*/D3
 171   -17.602     9.920  -0.000  mclk_exe  →mclk_meu    par_exe/rs_vec_wrap/rsvecbpd/PtPwrUpM303H*/CP            par_meu/rsbpd/RSVecUopDepOnLoadM303H*/D7
 190   -15.467    36.627  -0.000  mclk_exe  →mclk_meu    par_exe/rs_vec_wrap/rsvecbpd/PtPwrUpM303H*/CP            par_meu/rsbpd/RSVecUopDepOnLoadM303H*/D8
 201   -14.254    14.285  -0.000  mclk_exe  →mclk_meu    par_exe/rs_vec_wrap/rsvecbpd/PtPwrUpM303H*/CP            par_meu/rsbpd/RSVecUopDepOnLoadM303H*/D4
 207   -14.000    26.558  -0.000  mclk_exe  →mclk_meu    par_exe/rs_vec_wrap/rsvecbpd/PtPwrUpM302H*/CP            par_meu/rsbpd/RSVecUopDepOnLoadM303H*/D5
 232   -12.788    11.049  -0.000  mclk_exe  →mclk_meu    par_exe/rs_vec_wrap/rsvecbpd/PtPwrUpM303H*/CP            par_meu/rsbpd/RSVecUopDepOnLoadM303H*/D8
 235   -12.539     8.003   3.370  mclk_pmh  →mclk_meu    par_pmh/dcu_l1/dcl1data/DcL1RdDataIntM408H*/CP           par_meu/dcu_l0/dcdatabufd/dcibbankd21/SnpBufDataArrayMnnnH*/D2
 240   -12.068    14.350  -0.000  mclk_exe  →mclk_meu    par_exe/rs_vec_wrap/rsvecbpd/PtPwrUpM302H*/CP            par_meu/rsbpd/RSVecUopDepOnLoadM303H*/D3
 268   -10.850    -9.660   3.000  mclk_pmh  →mclk_meu    par_pmh/dcu_l1/dc2mlrpt/DcReqVNoStallM404H*/CP           par_meu/dcu_l0/dcbufs/ResetFbDcArbAckMnn1H*/D
 294    -9.379     8.326   5.590  mclk_pmh  →mclk_meu    par_pmh/dcu_l1/dc2mlrpt/DcReqVNoStallM404H*/CP           par_meu/dcu_l0/dcbufs/FBDCArbAckM402H*/D5
 324    -8.601    16.063  -0.000  mclk_exe  →mclk_meu    par_exe/rs_vec_wrap/rsvecbpd/BypEnL0TmpM302H*/CP         par_meu/rsbpd/RSVecUopDepOnLoadM303H*/D3
 335    -7.974     9.634  -0.000  mclk_exe  →mclk_meu    par_exe/rs_vec_wrap/rsvecbpd/PtPwrUpM303H*/CP            par_meu/rsbpd/RSVecUopDepOnLoadM303H*/D5
 351    -7.405    -9.660   3.000  mclk_pmh  →mclk_meu    par_pmh/dcu_l1/dc2mlrpt/DcReqVNoStallM404H*/CP           par_meu/dcu_l0/dcbufs/ResetFbDcArbAckMnn1H*/D
 374    -6.867    -9.660   4.930  mclk_pmh  →mclk_meu    par_pmh/dcu_l1/dc2mlrpt/DcReqVNoStallM404H*/CP           par_meu/dcu_l0/dcbufs/DcReqPartRAOM405H*/D1
 377    -6.778     0.000   1.930  mclk_ooo_int→mclk_meu    par_ooo_int/rs_int/rseumtxsched/rs_eumtxsched_bank_loop_1__rs_eumtxsched_bank_0/rsmeubanktop/clkfreemhcheckpin1  par_meu/rsbpd/RSPtPwrUpIntM300L*/D4
 398    -6.470     9.509   4.150  mclk_pmh  →mclk_meu    par_pmh/dcu_l1/dcl1data/DcL1RdDataIntM408H*/CP           par_meu/dcu_l0/dcdatabufd/dcibbankd31/WSBDataArrayMnnnH*/D7
 405    -6.291     4.136   3.370  mclk_pmh  →mclk_meu    par_pmh/dcu_l1/dcl1data/DcL1RdDataIntM408H*/CP           par_meu/dcu_l0/dcdatabufd/dcibbankd21/WSBDataArrayMnnnH*/D2
 407    -6.247     9.379  -0.000  mclk_exe  →mclk_meu    par_exe/rs_vec_wrap/rsvecbpd/PtPwrUpM302H*/CP            par_meu/rsbpd/RSVecUopDepOnLoadM303H*/D7
 410    -6.167    -6.522   4.420  mclk_pmh  →mclk_meu    par_pmh/dcu_l1/dc2mlrpt/DcReqVNoStallM404H*/CP           par_meu/dcu_l0/dcbufs/FBDCArbAckM402H*/D1
 413    -6.066    76.223   8.460  mclk_meu  →mclk_pmh    par_meu/dcu_l0/dcsnpq/dc_snp_queue_1__dcu_snp_queue/SnpQMnnnH*/CP  par_pmh/dcu_l1/dcl1control/DcL1TagWrM405H*/D7
 418    -5.859    -6.522   3.010  mclk_pmh  →mclk_meu    par_pmh/dcu_l1/dc2mlrpt/DcReqVNoStallM404H*/CP           par_meu/dcu_l0/dcbufs/ResetFbDcArbAckMnn1H*/D
 425    -5.611     7.833   4.150  mclk_pmh  →mclk_meu    par_pmh/dcu_l1/dcl1data/DcL1RdDataIntM408H*/CP           par_meu/dcu_l0/dcdatabufd/dcibbankd31/WSBDataArrayMnnnH*/D1
 434    -5.500     9.762   4.150  mclk_pmh  →mclk_meu    par_pmh/dcu_l1/dcl1data/DcL1RdDataIntM408H*/CP           par_meu/dcu_l0/dcdatabufd/dcibbankd30/WSBDataArrayMnnnH*/D1
 436    -5.453     8.199   3.370  mclk_pmh  →mclk_meu    par_pmh/dcu_l1/dcl1data/DcL1RdDataIntM408H*/CP           par_meu/dcu_l0/dcdatabufd/dcibbankd20/WSBDataArrayMnnnH*/D4
 439    -5.410     2.478   3.370  mclk_pmh  →mclk_meu    par_pmh/dcu_l1/dcl1data/DcL1RdDataIntM408H*/CP           par_meu/dcu_l0/dcdatabufd/dcibbankd21/WSBDataArrayMnnnH*/D2
 440    -5.396     9.297   3.370  mclk_pmh  →mclk_meu    par_pmh/dcu_l1/dcl1data/DcL1RdDataIntM408H*/CP           par_meu/dcu_l0/dcdatabufd/dcibbankd10/WSBDataArrayMnnnH*/D8
 442    -5.392     6.007   3.370  mclk_pmh  →mclk_meu    par_pmh/dcu_l1/dcl1data/DcL1RdDataIntM408H*/CP           par_meu/dcu_l0/dcdatabufd/dcibbankd21/SnpBufDataArrayMnnnH*/D7
 443    -5.374     8.527   3.370  mclk_pmh  →mclk_meu    par_pmh/dcu_l1/dcl1data/DcL1RdDataIntM408H*/CP           par_meu/dcu_l0/dcdatabufd/dcibbankd00/WSBDataArrayMnnnH*/D6
 454    -5.195     0.000   1.930  mclk_ooo_int→mclk_meu    par_ooo_int/rs_int/rseumtxsched/rs_eumtxsched_bank_loop_1__rs_eumtxsched_bank_0/rsmeubanktop/clkfreemhcheckpin1  par_meu/rsbpd/RSPtPwrUpIntM300L*/D3
 458    -5.165     7.510   3.370  mclk_pmh  →mclk_meu    par_pmh/dcu_l1/dcl1data/DcL1RdDataIntM408H*/CP           par_meu/dcu_l0/dcdatabufd/dcibbankd11/WSBDataArrayMnnnH*/D5
 464    -5.029     6.349   3.370  mclk_pmh  →mclk_meu    par_pmh/dcu_l1/dcl1data/DcL1RdDataIntM408H*/CP           par_meu/dcu_l0/dcdatabufd/dcibbankd01/WSBDataArrayMnnnH*/D7
 470    -4.974     6.993   3.370  mclk_pmh  →mclk_meu    par_pmh/dcu_l1/dcl1data/DcL1RdDataIntM408H*/CP           par_meu/dcu_l0/dcdatabufd/dcibbankd00/WSBDataArrayMnnnH*/D6
 472    -4.968     8.767   2.790  mclk_pmh  →mclk_meu    par_pmh/dcu_l1/dcl1data/DcL1RdDataIntM408H*/CP           par_meu/dcu_l0/dcdatabufd/dcibbankd31/SnpBufDataArrayMnnnH*/D7
 479    -4.785     1.497   3.370  mclk_pmh  →mclk_meu    par_pmh/dcu_l1/dcl1data/DcL1RdDataIntM408H*/CP           par_meu/dcu_l0/dcdatabufd/dcibbankd21/WSBDataArrayMnnnH*/D1
 483    -4.739     9.209   3.370  mclk_pmh  →mclk_meu    par_pmh/dcu_l1/dcl1data/DcL1RdDataIntM408H*/CP           par_meu/dcu_l0/dcdatabufd/dcibbankd01/WSBDataArrayMnnnH*/D3
 485    -4.675     2.762   3.370  mclk_pmh  →mclk_meu    par_pmh/dcu_l1/dcl1data/DcL1RdDataIntM408H*/CP           par_meu/dcu_l0/dcdatabufd/dcibbankd21/WSBDataArrayMnnnH*/D2
 487    -4.665    13.878   3.370  mclk_pmh  →mclk_meu    par_pmh/dcu_l1/dcl1data/DcL1RdDataIntM408H*/CP           par_meu/dcu_l0/dcdatabufd/dcibbankd30/SnpBufDataArrayMnnnH*/D6
 490    -4.640    -9.660   7.110  mclk_pmh  →mclk_meu    par_pmh/dcu_l1/dc2mlrpt/DcReqVNoStallM404H*/CP           par_meu/dcu_l0/dcbufs/FBReqSchedVecM402H*/D4
 498    -4.536     7.736   3.370  mclk_pmh  →mclk_meu    par_pmh/dcu_l1/dcl1data/DcL1RdDataIntM408H*/CP           par_meu/dcu_l0/dcdatabufd/dcibbankd20/WSBDataArrayMnnnH*/D4
 501    -4.514    12.066   3.370  mclk_pmh  →mclk_meu    par_pmh/dcu_l1/dcl1data/DcL1RdDataIntM408H*/CP           par_meu/dcu_l0/dcdatabufd/dcibbankd11/SnpBufDataArrayMnnnH*/D3
 512    -4.404    -1.236   3.370  mclk_pmh  →mclk_meu    par_pmh/dcu_l1/dcl1data/DcL1RdDataIntM408H*/CP           par_meu/dcu_l0/dcdatabufd/dcibbankd00/WSBDataArrayMnnnH*/D3
 521    -4.336     8.328   3.370  mclk_pmh  →mclk_meu    par_pmh/dcu_l1/dcl1data/DcL1RdDataIntM408H*/CP           par_meu/dcu_l0/dcdatabufd/dcibbankd10/WSBDataArrayMnnnH*/D8
 522    -4.318     9.621   3.370  mclk_pmh  →mclk_meu    par_pmh/dcu_l1/dcl1data/DcL1RdDataIntM408H*/CP           par_meu/dcu_l0/dcdatabufd/dcibbankd11/SnpBufDataArrayMnnnH*/D4
 524    -4.275     8.340   4.150  mclk_pmh  →mclk_meu    par_pmh/dcu_l1/dcl1data/DcL1RdDataIntM408H*/CP           par_meu/dcu_l0/dcdatabufd/dcibbankd30/WSBDataArrayMnnnH*/D1
 529    -4.260     7.627   3.370  mclk_pmh  →mclk_meu    par_pmh/dcu_l1/dcl1data/DcL1RdDataIntM408H*/CP           par_meu/dcu_l0/dcdatabufd/dcibbankd30/WSBDataArrayMnnnH*/D1
 532    -4.209     7.103   3.370  mclk_pmh  →mclk_meu    par_pmh/dcu_l1/dcl1data/DcL1RdDataIntM408H*/CP           par_meu/dcu_l0/dcdatabufd/dcibbankd00/WSBDataArrayMnnnH*/D6
 542    -4.068    -1.579   5.630  mclk_pmh  →mclk_meu    par_pmh/dcu_l1/dcl1control/DcL1HitFBAllocCancelM405H*/CP  par_meu/dcu_l0/dcbufs/FbWbClearM404H*/D5
 549    -3.861     7.945   4.150  mclk_pmh  →mclk_meu    par_pmh/dcu_l1/dcl1data/DcL1RdDataIntM408H*/CP           par_meu/dcu_l0/dcdatabufd/dcibbankd11/WSBDataArrayMnnnH*/D8
 560    -3.712    -6.522   3.370  mclk_pmh  →mclk_meu    par_pmh/dcu_l1/dc2mlrpt/DcReqVNoStallM404H*/CP           par_meu/dcu_l0/dcbufs/FBReqSchedVecM402H*/D6
 562    -3.706     6.505   3.370  mclk_pmh  →mclk_meu    par_pmh/dcu_l1/dcl1data/DcL1RdDataIntM408H*/CP           par_meu/dcu_l0/dcdatabufd/dcibbankd01/WSBDataArrayMnnnH*/D3
 564    -3.660     8.725   3.370  mclk_pmh  →mclk_meu    par_pmh/dcu_l1/dcl1data/DcL1RdDataIntM408H*/CP           par_meu/dcu_l0/dcdatabufd/dcibbankd00/WSBDataArrayMnnnH*/D2
 568    -3.577     6.877   3.370  mclk_pmh  →mclk_meu    par_pmh/dcu_l1/dcl1data/DcL1RdDataIntM408H*/CP           par_meu/dcu_l0/dcdatabufd/dcibbankd01/WSBDataArrayMnnnH*/D3
 570    -3.551     9.211   3.370  mclk_pmh  →mclk_meu    par_pmh/dcu_l1/dcl1data/DcL1RdDataIntM408H*/CP           par_meu/dcu_l0/dcdatabufd/dcibbankd01/WSBDataArrayMnnnH*/D8
 573    -3.493    -9.660   3.000  mclk_pmh  →mclk_meu    par_pmh/dcu_l1/dc2mlrpt/DcReqVNoStallM404H*/CP           par_meu/dcu_l0/dcbufs/ResetFbDcArbAckMnn1H*/D
 578    -3.455     6.993   3.370  mclk_pmh  →mclk_meu    par_pmh/dcu_l1/dcl1data/DcL1RdDataIntM408H*/CP           par_meu/dcu_l0/dcdatabufd/dcibbankd00/WSBDataArrayMnnnH*/D6
 581    -3.450    10.394   4.150  mclk_pmh  →mclk_meu    par_pmh/dcu_l1/dcl1data/DcL1RdDataIntM408H*/CP           par_meu/dcu_l0/dcdatabufd/dcibbankd10/WSBDataArrayMnnnH*/D5
 583    -3.446     8.734   3.370  mclk_pmh  →mclk_meu    par_pmh/dcu_l1/dcl1data/DcL1RdDataIntM408H*/CP           par_meu/dcu_l0/dcdatabufd/dcibbankd00/WSBDataArrayMnnnH*/D2
 586    -3.287     6.143   5.630  mclk_pmh  →mclk_meu    par_pmh/dcu_l1/dcl1control/DcL1HitFBAllocCancelM405H*/CP  par_meu/dcu_l0/dcbufs/FbWbClearM404H*/D1
 593    -3.095     6.816   2.790  mclk_pmh  →mclk_meu    par_pmh/dcu_l1/dcl1data/DcL1RdDataIntM408H*/CP           par_meu/dcu_l0/dcdatabufd/dcibbankd31/SnpBufDataArrayMnnnH*/D2
 596    -3.048     6.470   3.370  mclk_pmh  →mclk_meu    par_pmh/dcu_l1/dcl1data/DcL1RdDataIntM408H*/CP           par_meu/dcu_l0/dcdatabufd/dcibbankd00/WSBDataArrayMnnnH*/D2
 599    -3.035     1.412   3.000  mclk_pmh  →mclk_meu    par_pmh/dcu_l1/dc2mlrpt/DcReqVNoStallM404H*/CP           par_meu/dcu_l0/dcbufs/ResetFbDcArbAckMnn1H*/D
 602    -3.015    70.864   2.360  mclk_meu  →mclk_pmh    par_meu/mob/moiclb/RSLdInfoM306H*/CP                     par_pmh/moglbd/moglbary2d/GLBAryMnnnH*/D3
 604    -3.013     9.807   7.110  mclk_pmh  →mclk_meu    par_pmh/dcu_l1/dc2mlrpt/MLGlobObsIdM506H*/CP             par_meu/dcu_l0/dcbufs/FbMemRspMnnnH*/D4
 606    -2.966     4.032   3.370  mclk_pmh  →mclk_meu    par_pmh/dcu_l1/dcl1data/DcL1RdDataIntM408H*/CP           par_meu/dcu_l0/dcdatabufd/dcibbankd21/WSBDataArrayMnnnH*/D1
 610    -2.893    10.240   3.370  mclk_pmh  →mclk_meu    par_pmh/dcu_l1/dcl1data/DcL1RdDataIntM408H*/CP           par_meu/dcu_l0/dcdatabufd/dcibbankd21/WSBDataArrayMnnnH*/D4
 615    -2.844     7.125   4.050  mclk_pmh  →mclk_meu    par_pmh/dcu_l1/dc2mlrpt/DcReqVNoStallM404H*/CP           par_meu/dcu_l0/dcbufs/DcReqFullRAOM405H*/D1
 617    -2.792    10.311   3.370  mclk_pmh  →mclk_meu    par_pmh/dcu_l1/dcl1data/DcL1RdDataIntM408H*/CP           par_meu/dcu_l0/dcdatabufd/dcibbankd21/WSBDataArrayMnnnH*/D4
 621    -2.775     8.810   2.790  mclk_pmh  →mclk_meu    par_pmh/dcu_l1/dcl1data/DcL1RdDataIntM408H*/CP           par_meu/dcu_l0/dcdatabufd/dcibbankd31/WSBDataArrayMnnnH*/D1
 623    -2.771     3.226   3.370  mclk_pmh  →mclk_meu    par_pmh/dcu_l1/dcl1data/DcL1RdDataIntM408H*/CP           par_meu/dcu_l0/dcdatabufd/dcibbankd21/WSBDataArrayMnnnH*/D2
 625    -2.735    70.864   2.360  mclk_meu  →mclk_pmh    par_meu/mob/moiclb/RSLdInfoM306H*/CP                     par_pmh/moglbd/moglbary2d/GLBAryMnnnH*/D3
 632    -2.660     1.742   3.000  mclk_pmh  →mclk_meu    par_pmh/dcu_l1/dc2mlrpt/DcReqVNoStallM404H*/CP           par_meu/dcu_l0/dcbufs/FBMLCAckM403H*/D
 634    -2.640     3.716   3.370  mclk_pmh  →mclk_meu    par_pmh/dcu_l1/dcl1data/DcL1RdDataIntM408H*/CP           par_meu/dcu_l0/dcdatabufd/dcibbankd31/SnpBufDataArrayMnnnH*/D1
 636    -2.629     0.859   4.420  mclk_pmh  →mclk_meu    par_pmh/dcu_l1/dc2mlrpt/DcReqVNoStallM404H*/CP           par_meu/dcu_l0/dcbufs/ResetFbDcArbAckMnn1H*/D1
 639    -2.577     0.000   1.930  mclk_ooo_int→mclk_meu    par_ooo_int/rs_int/rseumtxsched/rs_eumtxsched_bank_loop_2__rs_eumtxsched_bank_0/rsmeubanktop/clkfreemhcheckpin1  par_meu/rsbpd/RSPtPwrUpIntM300L*/D5
 640    -2.528     7.565   3.000  mclk_pmh  →mclk_meu    par_pmh/dcu_l1/dcl1control/DcL1HitFBAllocCancelM405H*/CP  par_meu/dcu_l0/dcbufs/FbYoungestStM403H*/D
 642    -2.523     7.450   3.370  mclk_pmh  →mclk_meu    par_pmh/dcu_l1/dcl1data/DcL1RdDataIntM408H*/CP           par_meu/dcu_l0/dcdatabufd/dcibbankd00/WSBDataArrayMnnnH*/D2
 643    -2.521     8.846   3.370  mclk_pmh  →mclk_meu    par_pmh/dcu_l1/dcl1data/DcL1RdDataIntM408H*/CP           par_meu/dcu_l0/dcdatabufd/dcibbankd00/WSBDataArrayMnnnH*/D4
 648    -2.454     8.112   3.370  mclk_pmh  →mclk_meu    par_pmh/dcu_l1/dcl1data/DcL1RdDataIntM408H*/CP           par_meu/dcu_l0/dcdatabufd/dcibbankd10/WSBDataArrayMnnnH*/D5
 659    -2.337     8.073   3.370  mclk_pmh  →mclk_meu    par_pmh/dcu_l1/dcl1data/DcL1RdDataIntM408H*/CP           par_meu/dcu_l0/dcdatabufd/dcibbankd21/WSBDataArrayMnnnH*/D1
 661    -2.282    -6.522   3.000  mclk_pmh  →mclk_meu    par_pmh/dcu_l1/dc2mlrpt/DcReqVNoStallM404H*/CP           par_meu/dcu_l0/dcbufs/FBMLCAckM403H*/D
 665    -2.217    -0.879   1.930  mclk_ooo_int→mclk_meu    par_ooo_int/rs_int/rseumtxsched/rs_eumtxsched_bank_loop_0__rs_eumtxsched_bank_0/rsmeubanktop/clkfreemhcheckpin1  par_meu/rsbpd/RSPtPwrUpIntM300L*/D2
 669    -2.160     5.935   3.370  mclk_pmh  →mclk_meu    par_pmh/dcu_l1/dcl1data/DcL1RdDataIntM408H*/CP           par_meu/dcu_l0/dcdatabufd/dcibbankd00/WSBDataArrayMnnnH*/D4
 675    -2.102     0.000   1.930  mclk_ooo_int→mclk_meu    par_ooo_int/rs_int/rseumtxsched/rs_eumtxsched_bank_loop_0__rs_eumtxsched_bank_0/rsmeubanktop/clkfreemhcheckpin1  par_meu/rsbpd/RSPtPwrUpIntM300L*/D1
 681    -2.065     9.481   3.370  mclk_pmh  →mclk_meu    par_pmh/dcu_l1/dcl1data/DcL1RdDataIntM408H*/CP           par_meu/dcu_l0/dcdatabufd/dcibbankd30/WSBDataArrayMnnnH*/D4
 682    -2.046     7.070   3.370  mclk_pmh  →mclk_meu    par_pmh/dcu_l1/dcl1data/DcL1RdDataIntM408H*/CP           par_meu/dcu_l0/dcdatabufd/dcibbankd21/SnpBufDataArrayMnnnH*/D1
 686    -1.985    10.776   3.370  mclk_pmh  →mclk_meu    par_pmh/dcu_l1/dcl1data/DcL1RdDataIntM408H*/CP           par_meu/dcu_l0/dcdatabufd/dcibbankd01/WSBDataArrayMnnnH*/D2
 688    -1.965     9.788   3.370  mclk_pmh  →mclk_meu    par_pmh/dcu_l1/dcl1data/DcL1RdDataIntM408H*/CP           par_meu/dcu_l0/dcdatabufd/dcibbankd10/WSBDataArrayMnnnH*/D5
 689    -1.963    11.291   3.370  mclk_pmh  →mclk_meu    par_pmh/dcu_l1/dcl1data/DcL1RdDataIntM408H*/CP           par_meu/dcu_l0/dcdatabufd/dcibbankd21/WSBDataArrayMnnnH*/D4
 695    -1.782    10.485   4.150  mclk_pmh  →mclk_meu    par_pmh/dcu_l1/dcl1data/DcL1RdDataIntM408H*/CP           par_meu/dcu_l0/dcdatabufd/dcibbankd21/WSBDataArrayMnnnH*/D1
 697    -1.782    -3.279   4.420  mclk_pmh  →mclk_meu    par_pmh/dcu_l1/dc2mlrpt/DcReqVNoStallM404H*/CP           par_meu/dcu_l0/dcbufs/ResetFbDcArbAckMnn1H*/D4
 702    -1.754    -4.036   6.520  mclk_pmh  →mclk_meu    par_pmh/dcu_l1/dcl1control/DcL1HitFBAllocCancelM405H*/CP  par_meu/dcu_l0/dcbufs/FbWbClearM404H*/D3
 706    -1.749    -1.327   4.420  mclk_pmh  →mclk_meu    par_pmh/dcu_l1/dc2mlrpt/DcReqVNoStallM404H*/CP           par_meu/dcu_l0/dcbufs/ResetFbDcArbAckMnn1H*/D5
 712    -1.689     9.904   3.370  mclk_pmh  →mclk_meu    par_pmh/dcu_l1/dcl1data/DcL1RdDataIntM408H*/CP           par_meu/dcu_l0/dcdatabufd/dcibbankd21/WSBDataArrayMnnnH*/D3
 713    -1.671    11.318   3.370  mclk_pmh  →mclk_meu    par_pmh/dcu_l1/dcl1data/DcL1RdDataIntM408H*/CP           par_meu/dcu_l0/dcdatabufd/dcibbankd21/WSBDataArrayMnnnH*/D3
 716    -1.586    -1.941   2.790  mclk_pmh  →mclk_meu    par_pmh/dcu_l1/dcl1data/DcL1RdDataIntM408H*/CP           par_meu/dcu_l0/dcdatabufd/dcibbankd00/WSBDataArrayMnnnH*/D3
 726    -1.485    70.864   3.480  mclk_meu  →mclk_pmh    par_meu/mob/moiclb/RSLdInfoM306H*/CP                     par_pmh/moglbd/moglbary2d/GLBAryMnnnH*/D3
 730    -1.441     6.214   7.110  mclk_pmh  →mclk_meu    par_pmh/dcu_l1/dcl1control/DcL1HitFBAllocCancelM405H*/CP  par_meu/dcu_l0/dccstates/b2b2CycRFOPrefStPromoNQM403H*/D4
 733    -1.408     5.243   3.370  mclk_pmh  →mclk_meu    par_pmh/dcu_l1/dcl1data/DcL1RdDataIntM408H*/CP           par_meu/dcu_l0/dcdatabufd/dcibbankd21/SnpBufDataArrayMnnnH*/D8
 734    -1.408     7.720   3.370  mclk_pmh  →mclk_meu    par_pmh/dcu_l1/dcl1data/DcL1RdDataIntM408H*/CP           par_meu/dcu_l0/dcdatabufd/dcibbankd21/WSBDataArrayMnnnH*/D2
 737    -1.402    -6.522   7.110  mclk_pmh  →mclk_meu    par_pmh/dcu_l1/dc2mlrpt/DcReqVNoStallM404H*/CP           par_meu/dcu_l0/dcbufs/FBReqSchedVecM402H*/D4
 742    -1.360    -2.054   3.370  mclk_pmh  →mclk_meu    par_pmh/dcu_l1/dcl1data/DcL1RdDataIntM408H*/CP           par_meu/dcu_l0/dcdatabufd/dcibbankd00/WSBDataArrayMnnnH*/D1
 743    -1.354    -0.721   3.370  mclk_pmh  →mclk_meu    par_pmh/dcu_l1/dcl1data/DcL1RdDataIntM408H*/CP           par_meu/dcu_l0/dcdatabufd/dcibbankd30/WSBDataArrayMnnnH*/D6
 747    -1.325     9.603   4.150  mclk_pmh  →mclk_meu    par_pmh/dcu_l1/dcl1data/DcL1RdDataIntM408H*/CP           par_meu/dcu_l0/dcdatabufd/dcibbankd10/WSBDataArrayMnnnH*/D2
 748    -1.308     9.599   3.370  mclk_pmh  →mclk_meu    par_pmh/dcu_l1/dcl1data/DcL1RdDataIntM408H*/CP           par_meu/dcu_l0/dcdatabufd/dcibbankd01/SnpBufDataArrayMnnnH*/D7
 752    -1.297    10.240   3.370  mclk_pmh  →mclk_meu    par_pmh/dcu_l1/dcl1data/DcL1RdDataIntM408H*/CP           par_meu/dcu_l0/dcdatabufd/dcibbankd21/WSBDataArrayMnnnH*/D4
 756    -1.233    -1.525   2.790  mclk_pmh  →mclk_meu    par_pmh/dcu_l1/dcl1data/DcL1RdDataIntM408H*/CP           par_meu/dcu_l0/dcdatabufd/dcibbankd00/WSBDataArrayMnnnH*/D3
 759    -1.224     6.156   2.790  mclk_pmh  →mclk_meu    par_pmh/dcu_l1/dcl1data/DcL1RdDataIntM408H*/CP           par_meu/dcu_l0/dcdatabufd/dcibbankd20/WSBDataArrayMnnnH*/D4
 760    -1.214     4.473   3.370  mclk_pmh  →mclk_meu    par_pmh/dcu_l1/dcl1data/DcL1RdDataIntM408H*/CP           par_meu/dcu_l0/dcdatabufd/dcibbankd01/WSBDataArrayMnnnH*/D7
 762    -1.213     7.700   3.370  mclk_pmh  →mclk_meu    par_pmh/dcu_l1/dcl1data/DcL1RdDataIntM408H*/CP           par_meu/dcu_l0/dcdatabufd/dcibbankd10/SnpBufDataArrayMnnnH*/D8
 768    -1.163    -1.658   3.010  mclk_pmh  →mclk_meu    par_pmh/dcu_l1/dc2mlrpt/DcReqVNoStallM404H*/CP           par_meu/dcu_l0/dcbufs/ResetFbDcArbAckMnn1H*/D
 770    -1.161     4.803   3.370  mclk_pmh  →mclk_meu    par_pmh/dcu_l1/dcl1data/DcL1RdDataIntM408H*/CP           par_meu/dcu_l0/dcdatabufd/dcibbankd31/SnpBufDataArrayMnnnH*/D5
 776    -1.135     6.166   2.790  mclk_pmh  →mclk_meu    par_pmh/dcu_l1/dcl1data/DcL1RdDataIntM408H*/CP           par_meu/dcu_l0/dcdatabufd/dcibbankd20/WSBDataArrayMnnnH*/D4
 784    -1.076     9.378   3.370  mclk_pmh  →mclk_meu    par_pmh/dcu_l1/dcl1data/DcL1RdDataIntM408H*/CP           par_meu/dcu_l0/dcdatabufd/dcibbankd11/SnpBufDataArrayMnnnH*/D8
 786    -1.072    11.707   4.930  mclk_pmh  →mclk_meu    par_pmh/dcu_l1/dc2mlrpt/DcReqVNoStallM404H*/CP           par_meu/dcu_l0/dcbufs/DcReqPartRAOM405H*/D2
 789    -1.005    70.864   2.370  mclk_meu  →mclk_pmh    par_meu/mob/moiclb/RSLdInfoM306H*/CP                     par_pmh/moglbd/moglbary2d/GLBAryMnnnH*/D3
 791    -0.961     8.164   3.370  mclk_pmh  →mclk_meu    par_pmh/dcu_l1/dcl1data/DcL1RdDataIntM408H*/CP           par_meu/dcu_l0/dcdatabufd/dcibbankd21/WSBDataArrayMnnnH*/D2
 794    -0.894     8.419   2.790  mclk_pmh  →mclk_meu    par_pmh/dcu_l1/dcl1data/DcL1RdDataIntM408H*/CP           par_meu/dcu_l0/dcdatabufd/dcibbankd20/WSBDataArrayMnnnH*/D8
 796    -0.883    -4.120   4.420  mclk_pmh  →mclk_meu    par_pmh/dcu_l1/dc2mlrpt/DcReqVNoStallM404H*/CP           par_meu/dcu_l0/dcbufs/ResetFbDcArbAckMnn1H*/D6
 797    -0.847    -2.593   2.790  mclk_pmh  →mclk_meu    par_pmh/dcu_l1/dcl1data/DcL1RdDataIntM408H*/CP           par_meu/dcu_l0/dcdatabufd/dcibbankd00/WSBDataArrayMnnnH*/D3
 801    -0.805     5.355   3.370  mclk_pmh  →mclk_meu    par_pmh/dcu_l1/dcl1data/DcL1RdDataIntM408H*/CP           par_meu/dcu_l0/dcdatabufd/dcibbankd11/WSBDataArrayMnnnH*/D8
 803    -0.803     3.472   3.370  mclk_pmh  →mclk_meu    par_pmh/dcu_l1/dcl1data/DcL1RdDataIntM408H*/CP           par_meu/dcu_l0/dcdatabufd/dcibbankd21/WSBDataArrayMnnnH*/D6
 804    -0.760     8.378   3.370  mclk_pmh  →mclk_meu    par_pmh/dcu_l1/dcl1data/DcL1RdDataIntM408H*/CP           par_meu/dcu_l0/dcdatabufd/dcibbankd10/SnpBufDataArrayMnnnH*/D5
 808    -0.753     7.008   2.790  mclk_pmh  →mclk_meu    par_pmh/dcu_l1/dcl1data/DcL1RdDataIntM408H*/CP           par_meu/dcu_l0/dcdatabufd/dcibbankd20/WSBDataArrayMnnnH*/D4
 810    -0.751     7.712   3.370  mclk_pmh  →mclk_meu    par_pmh/dcu_l1/dcl1data/DcL1RdDataIntM408H*/CP           par_meu/dcu_l0/dcdatabufd/dcibbankd21/WSBDataArrayMnnnH*/D5
 813    -0.741    -9.660   3.370  mclk_pmh  →mclk_meu    par_pmh/dcu_l1/dc2mlrpt/DcReqVNoStallM404H*/CP           par_meu/dcu_l0/dcbufs/FBReqSchedVecM402H*/D8
 818    -0.616    11.307   3.370  mclk_pmh  →mclk_meu    par_pmh/dcu_l1/dcl1data/DcL1RdDataIntM408H*/CP           par_meu/dcu_l0/dcdatabufd/dcibbankd30/WSBDataArrayMnnnH*/D7
 820    -0.615    -3.500   7.110  mclk_pmh  →mclk_meu    par_pmh/dcu_l1/dc2mlrpt/DcReqVNoStallM404H*/CP           par_meu/dcu_l0/dcbufs/FBReqSchedVecM402H*/D3
 826    -0.552     5.939   2.350  mclk_pmh  →mclk_meu    par_pmh/dcu_l1/dcl1data/DcL1RdDataIntM408H*/CP           par_meu/dcu_l0/dcdatabufd/dcibbankd11/WSBDataArrayMnnnH*/D5
 831    -0.450    70.864   2.360  mclk_meu  →mclk_pmh    par_meu/mob/moiclb/RSLdInfoM306H*/CP                     par_pmh/moglbd/moglbary2d/GLBAryMnnnH*/D3
 832    -0.444     5.174   3.000  mclk_pmh  →mclk_meu    par_pmh/dcu_l1/dcl1control/DcL1HitFBAllocCancelM405H*/CP  par_meu/dcu_l0/dcbufs/FbYoungestStM403H*/D
 835    -0.410     8.236   4.150  mclk_pmh  →mclk_meu    par_pmh/dcu_l1/dcl1data/DcL1RdDataIntM408H*/CP           par_meu/dcu_l0/dcdatabufd/dcibbankd31/SnpBufDataArrayMnnnH*/D1
 837    -0.410    -2.296   3.370  mclk_pmh  →mclk_meu    par_pmh/dcu_l1/dcl1data/DcL1RdDataIntM408H*/CP           par_meu/dcu_l0/dcdatabufd/dcibbankd00/WSBDataArrayMnnnH*/D1
 839    -0.382    -8.393   3.370  mclk_pmh  →mclk_meu    par_pmh/dcu_l1/dcl1data/DcL1RdDataIntM408H*/CP           par_meu/dcu_l0/dcdatabufd/dcibbankd30/WSBDataArrayMnnnH*/D3
 840    -0.376     5.043   2.790  mclk_pmh  →mclk_meu    par_pmh/dcu_l1/dcl1data/DcL1RdDataIntM408H*/CP           par_meu/dcu_l0/dcdatabufd/dcibbankd31/WSBDataArrayMnnnH*/D7
 842    -0.376     6.100   5.590  mclk_pmh  →mclk_meu    par_pmh/dcu_l1/dc2mlrpt/DcReqVNoStallM404H*/CP           par_meu/dcu_l0/dcbufs/FBDCArbAckM402H*/D3
 845    -0.359     9.480   5.380  mclk_pmh  →mclk_meu    par_pmh/pmh/pmsndctls/PMPgAttrFromPgWkMpm6H*/CP          par_meu/dtlb/dtldary/RstRplVecNQM403H*/D2
 847    -0.347     7.552   3.370  mclk_pmh  →mclk_meu    par_pmh/dcu_l1/dcl1data/DcL1RdDataIntM408H*/CP           par_meu/dcu_l0/dcdatabufd/dcibbankd21/WSBDataArrayMnnnH*/D5
 848    -0.340    -1.730   3.370  mclk_pmh  →mclk_meu    par_pmh/dcu_l1/dcl1data/DcL1RdDataIntM408H*/CP           par_meu/dcu_l0/dcdatabufd/dcibbankd30/SnpBufDataArrayMnnnH*/D3
 852    -0.310     3.159   4.150  mclk_pmh  →mclk_meu    par_pmh/dcu_l1/dcl1data/DcL1RdDataIntM408H*/CP           par_meu/dcu_l0/dcdatabufd/dcibbankd21/WSBDataArrayMnnnH*/D5
 854    -0.304     6.940   3.370  mclk_pmh  →mclk_meu    par_pmh/dcu_l1/dcl1data/DcL1RdDataIntM408H*/CP           par_meu/dcu_l0/dcdatabufd/dcibbankd10/WSBDataArrayMnnnH*/D5
 857    -0.285     7.269   4.150  mclk_pmh  →mclk_meu    par_pmh/dcu_l1/dcl1data/DcL1RdDataIntM408H*/CP           par_meu/dcu_l0/dcdatabufd/dcibbankd11/WSBDataArrayMnnnH*/D3
 858    -0.275     9.228   3.370  mclk_pmh  →mclk_meu    par_pmh/dcu_l1/dcl1data/DcL1RdDataIntM408H*/CP           par_meu/dcu_l0/dcdatabufd/dcibbankd21/SnpBufDataArrayMnnnH*/D1
 860    -0.265    -3.183   2.790  mclk_pmh  →mclk_meu    par_pmh/dcu_l1/dcl1data/DcL1RdDataIntM408H*/CP           par_meu/dcu_l0/dcdatabufd/dcibbankd00/WSBDataArrayMnnnH*/D7
 862    -0.255    -6.522   4.420  mclk_pmh  →mclk_meu    par_pmh/dcu_l1/dc2mlrpt/DcReqVNoStallM404H*/CP           par_meu/dcu_l0/dcbufs/FBDCArbAckM402H*/D4
 863    -0.236     5.584   3.370  mclk_pmh  →mclk_meu    par_pmh/dcu_l1/dcl1data/DcL1RdDataIntM408H*/CP           par_meu/dcu_l0/dcdatabufd/dcibbankd01/WSBDataArrayMnnnH*/D8
 868    -0.228     3.732   3.370  mclk_pmh  →mclk_meu    par_pmh/dcu_l1/dcl1data/DcL1RdDataIntM408H*/CP           par_meu/dcu_l0/dcdatabufd/dcibbankd21/WSBDataArrayMnnnH*/D1
 873    -0.204    86.932  -0.000  mclk_ooo_int→mclk_meu    par_ooo_int/rs_int/rseupc/RSEuSchedM301H*/CP             par_meu/rsbpd/RSCancelM302H*/D2
 876    -0.167    -6.396   3.370  mclk_pmh  →mclk_meu    par_pmh/dcu_l1/dcl1data/DcL1RdDataIntM408H*/CP           par_meu/dcu_l0/dcdatabufd/dcibbankd00/WSBDataArrayMnnnH*/D7
 879    -0.124    -6.522   4.420  mclk_pmh  →mclk_meu    par_pmh/dcu_l1/dc2mlrpt/DcReqVNoStallM404H*/CP           par_meu/dcu_l0/dcbufs/ResetFbDcArbAckMnn1H*/D3
 883    -0.039     8.178   3.370  mclk_pmh  →mclk_meu    par_pmh/dcu_l1/dcl1data/DcL1RdDataIntM408H*/CP           par_meu/dcu_l0/dcdatabufd/dcibbankd01/SnpBufDataArrayMnnnH*/D7
