-WNS  WNS_norm  TNS     Paths  Ports
-82   -0.44     -7958   184    icore1/par_pmh/ifsnphitsbm130h                                     {par_mlc/ifsnphitsbm130h[*]}                                                                                                                                                              
-74   -0.4      -1071   32     {par_mlc/ml2dccompletevecm508h_*_*_*_[*]}                          {icore1/par_pmh/ml2dccompletevecm508h_*_[*]}                                                                                                                                              
-66   -0.36     -567    20     {par_mlc/ml2dccompletevecm508h_*_*_*_[*]}                          {icore0/par_pmh/ml2dccompletevecm508h_*_[*]}                                                                                                                                              
-47   -0.25     -13359  628    {par_mlc/mlrddatam511h_*_*_*_*_*_*_*_[*]}                          {icore0/par_pmh/mlrddatam511h_*_*_*_*_*_[*]}                                                                                                                                              
-42   -0.23     -2836   100    {par_mlc/ml2dcsnpreqvalidmnnnh_*_[*]}                              {icore1/par_pmh/ml2dcsnpreqvalidmnnnh[*]}                                                                                                                                                 
-35   -0.19     -186    9      {icore1/par_pmh/dcreqvm404h[*]}                                    {par_mlc/dcreqvm404h_*_[*]}                                                                                                                                                               
-36   -0.19     -2416   100    {par_mlc/ml2dcsnpreqvalidmnnnh_*_[*]}                              {icore0/par_pmh/ml2dcsnpreqvalidmnnnh[*]}                                                                                                                                                 
-33   -0.18     -214    10     {par_mlc/mlc2meupmonbus_mnn4h_*_*_ctr2_*_*_inc[*]}                 {icore0/par_pmh/mlc2meupmonbusmnnh_ctr2_*_*_inc_*_FEEDTHRU_0[*]}      {icore0/par_pmh/mlc2meupmonbusmnnh_ctr2_*_*_inc_*_FEEDTHRU_1[*]} {icore0/par_meu/mlc2meupmonbusmnnh_ctr2_*_*_inc[*]}
-29   -0.16     -138    6      {par_mlc/mlc2meupmonbus_mnn4h_*_*_ctr2_*_*_inc[*]}                 {icore1/par_pmh/mlc2meupmonbusmnnh_ctr2_*_*_inc_*_FEEDTHRU_0[*]}      {icore1/par_pmh/mlc2meupmonbusmnnh_ctr2_*_*_inc_*_FEEDTHRU_1[*]} {icore1/par_meu/mlc2meupmonbusmnnh_ctr2_*_*_inc[*]}
-29   -0.16     -22711  1150   par_mlc/idic2ureqm5nnh_valid                                       par_pm/idic2ureqm5nnh_valid                                                                                                                                                               
-29   -0.16     -3127   180    {par_mlc/mlrddatam511h_*_*_*_*_*_*_*_[*]}                          {icore1/par_pmh/mlrddatam511h_*_*_*_*_*_[*]}                                                                                                                                              
-30   -0.16     -261    12     {par_mlc/mlc2meupmonbus_mnn4h_*_*_ctr1_*_*_inc[*]}                 {icore0/par_pmh/mlc2meupmonbusmnnh_ctr1_*_*_inc_*_FEEDTHRU_0[*]}      {icore0/par_pmh/mlc2meupmonbusmnnh_ctr1_*_*_inc_*_FEEDTHRU_1[*]} {icore0/par_meu/mlc2meupmonbusmnnh_ctr1_*_*_inc[*]}
-28   -0.15     -54     2      par_mlc/core_clk_core_common_clk_glbdrvff_mnsclkenmlcicore1m011h_o icore1/par_pmh/icore_clk_icore_common_clk_glbdrvff_mnsclkenpmhm010h_d                                                                                                                     
-26   -0.14     -361    22     {par_mlc/mlrddatam511h_*_*_*_*_*_*_*_[*]}                          {icore0/par_pmh/mlrddatam511h_*_*_*_*_*_[*]}                          {icore0/par_pmh/mlrddatam511h_*_*_*_*_*_*_*_FEEDTHRU_1[*]}       {icore0/par_meu/mlrddatam511h_*_*_*_*_*_[*]}       
-24   -0.13     -371    40     {par_mlc/ml2dcstallm501h_*_[*]}                                    {icore0/par_pmh/ml2dcstallm501h[*]}                                   {icore0/par_pmh/ml2dcstallm501h_*_FEEDTHRU_1[*]}                 {icore0/par_meu/ml2dcstallm501h[*]}                
-24   -0.13     -85     4      {par_mlc/mldcevrdenm498h_*_[*]}                                    {icore1/par_pmh/mldcevrdenm498h_*_FEEDTHRU_0[*]}                      {icore1/par_pmh/mldcevrdenm498h_*_FEEDTHRU_1[*]}                 {icore1/par_meu/mldcevrdenm498h[*]}                
-25   -0.13     -162    8      {par_mlc/mlc2meupmonbus_mnn4h_*_*_ctr1_*_*_inc[*]}                 {icore1/par_pmh/mlc2meupmonbusmnnh_ctr1_*_*_inc_*_FEEDTHRU_0[*]}      {icore1/par_pmh/mlc2meupmonbusmnnh_ctr1_*_*_inc_*_FEEDTHRU_1[*]} {icore1/par_meu/mlc2meupmonbusmnnh_ctr1_*_*_inc[*]}
-22   -0.12     -139    8      {par_mlc/ml2dcfbvcntzeromnnnh[*]}                                  icore0/par_pmh/ml2dcfbvcntzeromnnnh_*_FEEDTHRU_0                      icore0/par_pmh/ml2dcfbvcntzeromnnnh_*_FEEDTHRU_1                 icore0/par_meu/ml2dcfbvcntzeromnnnh                
-22   -0.12     -545    50     {par_mlc/ml2dcstallm501h_*_[*]}                                    {icore1/par_pmh/ml2dcstallm501h[*]}                                   {icore1/par_pmh/ml2dcstallm501h_*_FEEDTHRU_1[*]}                 {icore1/par_meu/ml2dcstallm501h[*]}                
-23   -0.12     -78     4      icore0/par_meu/roinc0emnn2h                                        icore0/par_pmh/roinc0emnn2h_*_FEEDTHRU_0                              icore0/par_pmh/roinc0emnn2h_*_FEEDTHRU_1                         {par_mlc/roinc0emnn2h[*]}                          
-20   -0.11     -38     2      par_mlc/core_clk_core_common_clk_glbdrvff_mnsclkenmlcicore0m011h_o icore0/par_pmh/icore_clk_icore_common_clk_glbdrvff_mnsclkenpmhm010h_d                                                                                                                     
-21   -0.11     -38     2      icore1/par_meu/ronukeallm909h                                      icore1/par_pmh/ronukeallm909h_*_FEEDTHRU_0                            icore1/par_pmh/ronukeallm909h_*_FEEDTHRU_1                       {par_mlc/ronukeallm909h[*]}                        
-21   -0.11     -71     4      {par_mlc/mldcevrdenm498h_*_[*]}                                    {icore0/par_pmh/mldcevrdenm498h_*_FEEDTHRU_0[*]}                      {icore0/par_pmh/mldcevrdenm498h_*_FEEDTHRU_1[*]}                 {icore0/par_meu/mldcevrdenm498h[*]}                
-18   -0.1      -30     2      {par_mlc/mlearlyalertfbidm505h_*_*_*_[*]}                          {icore1/par_pmh/mlearlyalertfbidm505h_*_*_*_FEEDTHRU_0[*]}            {icore1/par_pmh/mlearlyalertfbidm505h_*_*_*_FEEDTHRU_1[*]}       {icore1/par_meu/mlearlyalertfbidm505h_*_[*]}       
-18   -0.1      -34     2      {par_mlc/mlisnpadrm502h_*_*_*_[*]}                                 {icore0/par_pmh/mlisnpadrm502h_*_[*]}                                                                                                                                                     
-19   -0.1      -246    18     icore1/par_pmh/ifrequestrep2prelsm125h                             {par_mlc/ifrequestrep2prelsm125h[*]}                                                                                                                                                      
-18   -0.09     -32     2      {par_mlc/mlisnpadrm502h_*_*_*_[*]}                                 {icore1/par_pmh/mlisnpadrm502h_*_[*]}                                                                                                                                                     
-14   -0.08     -27     2      {icore1/par_pmh/dcreqadrm404h_*_[*]}                               {par_mlc/dcreqadrm404h_*_*_*_[*]}                                                                                                                                                         
-15   -0.08     -219    39     {par_mlc/ml2dcstallm501h_*_[*]}                                    {icore1/par_pmh/ml2dcstallm501h[*]}                                                                                                                                                       
-15   -0.08     -23     2      {par_mlc/mlearlyalertfbidm505h_*_*_*_[*]}                          {icore0/par_pmh/mlearlyalertfbidm505h_*_*_*_FEEDTHRU_0[*]}            {icore0/par_pmh/mlearlyalertfbidm505h_*_*_*_FEEDTHRU_1[*]}       {icore0/par_meu/mlearlyalertfbidm505h_*_[*]}       
